2026-08-08 08:42:48 Starting incident lifecycle
2026-08-08 08:42:48 Backup complete
2026-08-08 08:42:52 Incident injected
2026-08-08 08:42:52 Injection verified
2026-08-08 08:42:53 Inciden state saved
2026-08-08 08:42:53 Ticket displayed
2026-08-08 08:50:15 Starting restore
2026-08-08 08:50:15 Restore complete
2026-08-10 15:19:29 Starting incident lifecycle
2026-08-10 15:22:57 Starting incident lifecycle
2026-08-10 15:22:57 Backup complete
2026-08-10 15:22:57 Incident injected
2026-08-10 15:22:57 Injection verified
2026-08-10 15:22:57 Inciden state saved
2026-08-10 15:22:57 Ticket displayed
2026-08-10 15:26:01 Starting restore
2026-08-10 15:26:07 Restore complete
2026-08-10 15:27:34 Starting incident lifecycle
2026-08-10 15:27:34 Backup complete
2026-08-10 15:27:34 Incident injected
2026-08-10 15:27:34 Injection verified
2026-08-10 15:27:34 Inciden state saved
2026-08-10 15:27:34 Ticket displayed
2026-08-10 15:41:02 Incident validation passed.
2026-08-10 15:41:29 Starting restore
2026-08-10 15:41:41 Starting restore
2026-08-10 15:41:43 Restore complete
2026-08-11 06:57:04 Starting incident lifecycle
2026-08-11 06:57:04 Backup complete
2026-08-11 06:57:44 Starting incident lifecycle
2026-08-11 06:57:44 Backup complete
2026-08-11 06:59:18 Starting restore
2026-08-11 07:09:36 Starting incident lifecycle
2026-08-11 07:09:36 Backup complete
2026-08-11 07:11:34 Starting incident lifecycle
2026-08-11 07:11:34 Backup complete
2026-08-11 07:11:34 Incident injected
2026-08-11 07:11:34 Injection verified
2026-08-11 07:11:34 Inciden state saved
2026-08-11 07:11:34 Ticket displayed
2026-08-11 07:13:51 Starting restore
2026-08-11 07:21:01 Starting restore
2026-08-11 07:21:02 Restore complete
2026-08-11 07:27:33 Starting incident lifecycle
2026-08-11 07:27:33 Backup complete
2026-08-11 07:27:33 Incident injected
2026-08-11 07:27:33 Injection verified
2026-08-11 07:27:33 Inciden state saved
2026-08-11 07:27:33 Ticket displayed
2026-08-11 07:27:52 Incident validation failed.
2026-08-11 07:28:17 Incident validation failed.
2026-08-11 07:29:17 Starting restore
2026-08-11 07:29:17 Restore complete
2026-08-13 05:51:36 Starting incident lifecycle
2026-08-13 05:51:36 Backup complete
2026-08-13 05:52:16 Starting incident lifecycle
2026-08-13 05:52:16 Backup complete
2026-08-13 05:52:22 Incident injected
2026-08-13 05:52:22 Injection verified
2026-08-13 05:52:22 Inciden state saved
2026-08-13 05:52:22 Ticket displayed
2026-08-13 05:58:35 Incident validation passed.
2026-08-13 05:58:43 Starting restore
2026-08-13 05:58:43 Restore complete
2026-08-14 16:46:48 Starting incident lifecycle
2026-08-14 16:46:48 Backup complete
2026-08-14 16:47:25 Incident injected
2026-08-14 16:47:25 Injection verified
2026-08-14 16:47:25 Inciden state saved
2026-08-14 16:47:25 Ticket displayed
2026-08-14 16:55:23 Incident validation passed.
2026-08-14 16:55:31 Starting restore
2026-08-14 16:55:31 Restore complete
2026-08-15 07:24:39 Starting incident lifecycle
2026-08-15 07:24:39 Backup complete
2026-08-15 07:25:25 Incident injected
2026-08-15 07:25:25 Injection verified
2026-08-15 07:25:25 Inciden state saved
2026-08-15 07:25:25 Ticket displayed
2026-08-15 07:36:09 Incident validation passed.
2026-08-15 07:36:17 Starting restore
2026-08-15 07:36:17 Restore complete
2026-08-16 12:34:14 Starting incident lifecycle
2026-08-16 12:34:14 Backup complete
2026-08-16 12:34:14 Incident injected
2026-08-16 12:34:14 Injection verification failed
2026-08-16 12:34:58 Starting incident lifecycle
2026-08-16 12:34:58 Backup complete
2026-08-16 12:34:58 Incident injected
2026-08-16 12:34:58 Injection verified
2026-08-16 12:34:58 Inciden state saved
2026-08-16 12:34:58 Ticket displayed
2026-08-16 12:42:25 Starting restore
2026-08-16 12:42:25 Restore complete
2026-08-16 12:43:03 Starting restore
2026-08-17 17:29:05 Starting incident lifecycle
2026-08-17 17:29:05 Backup complete
2026-08-17 17:29:05 Incident injected
2026-08-17 17:29:05 Injection verified
2026-08-17 17:29:05 Inciden state saved
2026-08-17 17:29:05 Ticket displayed
2026-08-17 17:29:54 Incident validation failed.
2026-08-17 17:30:05 Starting restore
2026-08-17 17:30:05 Restore complete
2026-08-17 17:35:22 Starting incident lifecycle
2026-08-17 17:35:22 Backup complete
2026-08-17 17:35:22 Incident injected
2026-08-17 17:35:22 Injection verified
2026-08-17 17:35:22 Inciden state saved
2026-08-17 17:35:22 Ticket displayed
2026-08-17 17:35:44 Starting restore
2026-08-17 17:35:44 Restore complete
2026-08-17 17:35:44 Restore complete
2026-08-17 17:38:26 Starting incident lifecycle
2026-08-17 17:38:26 Backup complete
2026-08-17 17:38:26 Incident injected
2026-08-17 17:38:26 Injection verified
2026-08-17 17:38:26 Inciden state saved
2026-08-17 17:38:26 Ticket displayed
2026-08-17 17:38:38 Starting restore
2026-08-17 17:38:39 Restore complete
2026-08-19 16:15:53 Starting incident lifecycle
2026-08-19 16:15:53 Backup complete
2026-08-19 16:15:53 Incident injected
2026-08-19 16:15:53 Injection verified
2026-08-19 16:15:53 Inciden state saved
2026-08-19 16:15:53 Ticket displayed
2026-08-19 16:19:58 Incident validation passed.
2026-08-19 16:20:08 Starting restore
2026-08-19 16:20:08 Restore complete
2026-08-20 16:41:32 Starting incident lifecycle
2026-08-20 16:41:32 Backup complete
2026-08-20 16:41:37 Incident injected
2026-08-20 16:41:37 Injection verified
2026-08-20 16:41:37 Inciden state saved
2026-08-20 16:41:37 Ticket displayed
2026-08-20 16:45:00 Incident validation passed.
2026-08-20 16:45:08 Starting restore
2026-08-20 16:45:08 Restore complete
2026-08-22 09:56:56 Starting incident lifecycle
2026-08-22 09:57:40 Starting incident lifecycle
2026-08-22 09:57:40 Backup complete
2026-08-22 09:57:43 Incident injected
2026-08-22 09:57:43 Injection verified
2026-08-22 09:57:43 Inciden state saved
2026-08-22 09:57:43 Ticket displayed
2026-08-22 10:02:53 Incident validation failed.
2026-08-22 10:03:03 Starting restore
2026-08-22 10:03:03 Restore complete
2026-08-22 10:04:27 Starting incident lifecycle
2026-08-22 10:04:27 Backup complete
2026-08-22 10:04:31 Incident injected
2026-08-22 10:04:31 Injection verified
2026-08-22 10:04:31 Inciden state saved
2026-08-22 10:04:31 Ticket displayed
2026-08-22 10:04:43 Starting restore
2026-08-22 10:04:43 Restore complete
2026-08-22 10:13:47 Starting incident lifecycle
2026-08-22 10:13:47 Backup complete
2026-08-22 10:13:50 Incident injected
2026-08-22 10:13:50 Injection verified
2026-08-22 10:13:50 Inciden state saved
2026-08-22 10:13:50 Ticket displayed
2026-08-22 10:14:00 Incident validation failed.
2026-08-22 10:14:07 Starting restore
2026-08-22 10:14:08 Restore complete
2026-08-22 10:17:44 Starting incident lifecycle
2026-08-22 10:17:44 Backup complete
2026-08-22 10:17:47 Incident injected
2026-08-22 10:17:47 Injection verified
2026-08-22 10:17:47 Inciden state saved
2026-08-22 10:17:47 Ticket displayed
2026-08-22 10:17:58 Incident validation failed.
2026-08-22 10:18:12 Starting restore
2026-08-22 10:18:12 Restore complete
2026-08-22 10:21:01 Starting incident lifecycle
2026-08-22 10:21:01 Backup complete
2026-08-22 10:21:05 Incident injected
2026-08-22 10:21:05 Injection verified
2026-08-22 10:21:05 Inciden state saved
2026-08-22 10:21:05 Ticket displayed
2026-08-22 10:21:09 Incident validation failed.
2026-08-22 10:21:23 Starting restore
2026-08-22 10:21:24 Restore complete
2026-08-24 13:49:08 Starting incident lifecycle
2026-08-24 13:49:08 Backup complete
2026-08-24 13:49:08 Incident injected
2026-08-24 13:49:09 Injection verified
2026-08-24 13:49:09 Inciden state saved
2026-08-24 13:49:09 Ticket displayed
2026-08-24 13:53:18 Starting restore
2026-08-24 13:53:18 Restore complete
